---
source: src/document_core/mod.rs
expression: report
---
{
  "editMode": "editable-safe",
  "issues": [
    {
      "code": "font-substitution",
      "message": "Layout may differ if required Hancom fonts are missing on this system.",
      "severity": "warning"
    }
  ],
  "preferredSaveFormat": "hwpx",
  "sourceFormat": "hwpx"
}
